=== Job Sync Agent ===
Started: Mon Oct  5 10:13:41 CEST 2026
============================================================
  Outreach Recruitment — Job Sync Agent
  2026-10-05 10:13:41
============================================================

  State loaded — tracking 59 job(s) for auto-close

[1/5] Scraping careers page …
  [Careers] page 1 — https://outreach-recruitment-agency.careers-page.com/
  [Careers] page 2 — https://outreach-recruitment-agency.careers-page.com/?page=2
  [Careers] page 3 — https://outreach-recruitment-agency.careers-page.com/?page=3
  [Careers] page 4 — https://outreach-recruitment-agency.careers-page.com/?page=4
  [Careers] page 5 — https://outreach-recruitment-agency.careers-page.com/?page=5
  [Careers] page 6 — https://outreach-recruitment-agency.careers-page.com/?page=6
  [Careers] page 7 — https://outreach-recruitment-agency.careers-page.com/?page=7
  [Careers] page 8 — https://outreach-recruitment-agency.careers-page.com/?page=8
  [Careers] page 9 — https://outreach-recruitment-agency.careers-page.com/?page=9
  [Careers] page 10 — https://outreach-recruitment-agency.careers-page.com/?page=10
  [Careers] page 11 — https://outreach-recruitment-agency.careers-page.com/?page=11
  [Careers] page 12 — https://outreach-recruitment-agency.careers-page.com/?page=12
  [Careers] page 13 — https://outreach-recruitment-agency.careers-page.com/?page=13
  Collected 120 jobs (advertised: 120)

[2/5] Scraping public website …
  [Website] Fetching https://outreachrecruitment.net/jobs/
  Found 194 job cards

[SEO] Checking 194 job pages …
  [1/194] gypsum-installers … OK
  [2/194] mini-bus-driver-licence-d … OK
  [3/194] proposal-engineer-energy-solutions … OK
  [4/194] head-chef-in-gozo … OK
  [5/194] storekeeper-zebbug … OK
  [6/194] driver-license-b … OK
  [7/194] forklift-operator … OK
  [8/194] front-office-agent … OK
  [9/194] head-of-spa-2 … OK
  [10/194] night-cleaner … OK
  [11/194] banqueting-fb-supervisor … OK
  [12/194] senior-hr-coordinator-spanish-speaking … OK
  [13/194] assistance-operations-coordinator … OK
  [14/194] procurement-officer … OK
  [15/194] hr-executive-st-julians … OK
  [16/194] operations-supervisor … OK
  [17/194] restaurant-supervisor-2 … OK
  [18/194] front-office-supervisor-2 … OK
  [19/194] heavy-equipment-mechanic-2 … OK
  [20/194] spa-receptionist … OK
  [21/194] spa-sales-promotional-staff … OK
  [22/194] spa-supervisor … OK
  [23/194] legal-intern … OK
  [24/194] accounts-billing-officer … OK
  [25/194] finance-officer … OK
  [26/194] learning-development-executive-hybrid … OK
  [27/194] senior-claims-executive … OK
  [28/194] payment-clearing-specialist … OK
  [29/194] site-coordinator … OK
  [30/194] auto-electrician-heavy-vehicles … OK
  [31/194] heavy-equipment-mechanic … OK
  [32/194] steel-shutter-installer … OK
  [33/194] junior-revenue-accounts-analyst … OK
  [34/194] public-area-cleaner … OK
  [35/194] head-chef-steakhouse … OK
  [36/194] senior-waiter-sommelier … OK
  [37/194] front-desk-agent … OK
  [38/194] sales-agent … OK
  [39/194] bartender-2 … OK
  [40/194] hostess-2 … OK
  [41/194] maintenance-technician-2 … OK
  [42/194] deli-counter-assistant-salumeria-specialist … OK
  [43/194] chef-de-partie-4 … OK
  [44/194] baristas … OK
  [45/194] kitchen-helper … OK
  [46/194] ship-chandler … OK
  [47/194] fleet-mechanical-superintendent … OK
  [48/194] customer-care-team-leader … OK
  [49/194] customer-care-agent … OK
  [50/194] hvac-technician … OK
  [51/194] delivery-man … OK
  [52/194] head-of-hvac-technicians … OK
  [53/194] general-labourer … OK
  [54/194] tank-cleaner … OK
  [55/194] welder-burner-pipe-fitter … OK
  [56/194] shipyard-sprayer-painter … OK
  [57/194] marine-carpenter … OK
  [58/194] electronic-technician … OK
  [59/194] commercial-divers … OK
  [60/194] trailer-drivers … OK
  [61/194] purchasing-manager … OK
  [62/194] quality-engineer … no meta desc
  [63/194] marine-turner … no meta desc
  [64/194] marine-mechanical-foreman … OK
  [65/194] plate-shop-foreman … no meta desc
  [66/194] crew-concierge … no meta desc
  [67/194] payables-finance-executive … OK
  [68/194] bartender-mellieha … OK
  [69/194] client-accountant-2 … OK
  [70/194] assistant-executive-housekeeper … OK
  [71/194] qhse-manager-malta … OK
  [72/194] application-developer-drupal … OK
  [73/194] fleet-tools-facility-manager … OK
  [74/194] plumber … OK
  [75/194] welder … OK
  [76/194] sales-office-coordinator … OK
  [77/194] maintenance-technician … OK
  [78/194] assistance-co-ordinator … OK
  [79/194] customer-contact-agent … OK
  [80/194] hr-administration-officer … OK
  [81/194] project-manager … OK
  [82/194] purchasing-officer … OK
  [83/194] estimator … OK
  [84/194] hsse-coordinator … OK
  [85/194] restaurant-supervisor … OK
  [86/194] kitchen-porter … OK
  [87/194] chef-de-partie … OK
  [88/194] housekeeper … OK
  [89/194] food-beverage-staff … OK
  [90/194] compliance-manager … OK
  [91/194] hairdresser … OK
  [92/194] pool-attendants … OK
  [93/194] head-chef … OK
  [94/194] driver-runner-washer … OK
  [95/194] level-2-platform-ops-engineer … OK
  [96/194] sous-chef … OK
  [97/194] supervisor … OK
  [98/194] customer-operations-associate … OK
  [99/194] structural-engineer … OK
  [100/194] senior-quantity-estimator-me … OK
  [101/194] sales-representative-in-renewables … OK
  [102/194] hvac-project-manager … OK
  [103/194] hvac-sales-representative … OK
  [104/194] maintenance-technician-electrical-licence-a-or-b … OK
  [105/194] sales-executive … OK
  [106/194] head-chef-maltese-cuisine … OK
  [107/194] it-support-executive … OK
  [108/194] labourer-mechanic … OK
  [109/194] electrician-installer … OK
  [110/194] plumbers … OK
  [111/194] general-maintenance-technician … OK
  [112/194] front-office-assistant … OK
  [113/194] kitchen-assistant-chinese-cuisine … OK
  [114/194] head-chef-chinese-cuisine … OK
  [115/194] showroom-sales-executive … OK
  [116/194] counter-assistant … OK
  [117/194] kitchen-assistant … OK
  [118/194] heavy-machine-operator … OK
  [119/194] client-accountant … OK
  [120/194] housekeeping-attendant … OK
  [121/194] middle-officer-asset-management … OK
  [122/194] front-office-supervisor … OK
  [123/194] senior-sales-marketing-executive-airline-industry … OK
  [124/194] accounts-payable … OK
  [125/194] qa-manager-construction … OK
  [126/194] quality-assurance-officerengineer … OK
  [127/194] tax-manager … OK
  [128/194] client-accounting-manager … OK
  [129/194] skilled-worker-for-outdoor-civil-works … OK
  [130/194] project-manager-construction … OK
  [131/194] airline-sales-reservations-and-ticketing-officer … OK
  [132/194] sales-assistant-manager … OK
  [133/194] automotive-service-advisor … OK
  [134/194] sales-executive-b2b … OK
  [135/194] construction-site-foreman … OK
  [136/194] high-voltage-motor-vehicle-technician … OK
  [137/194] sales-engineer … OK
  [138/194] logistics-officer … OK
  [139/194] audit-senior-associate … OK
  [140/194] customer-contact-centre-representative … OK
  [141/194] builders-and-shutterers … OK
  [142/194] driver-malta-c-license … OK
  [143/194] draughtsperson … OK
  [144/194] assistant-laboratory-manager-construction-materials … OK
  [145/194] barber … OK
  [146/194] associate-tax-advisor … OK
  [147/194] customer-care-associate … OK
  [148/194] lead-azure-infrastructure-architect … OK
  [149/194] sales-executive-luxury-retail … OK
  [150/194] bartender-in-gozo … OK
  [151/194] bottling-operator … OK
  [152/194] restaurant-supervisor-in-gozo … OK
  [153/194] motor-vehicle-mechanictechnician … OK
  [154/194] automotive-parts-personnel … OK
  [155/194] real-estate-agents … OK
  [156/194] corporate-insurance-associate … OK
  [157/194] wood-painting-finishing-specialist … OK
  [158/194] delivery-driver-malta-c-license … OK
  [159/194] health-claims-associate … OK
  [160/194] delivery-drivers-c1-malta-license … OK
  [161/194] auditor … OK
  [162/194] junior-sales-assistant-maltese-speaking … OK
  [163/194] cnc-machine-operator … OK
  [164/194] room-attendents … OK
  [165/194] kitchen-helpers-in-gozo … OK
  [166/194] lead-microsoft-365-architect-modern-work-security … OK
  [167/194] finance-associate … OK
  [168/194] skilled-carpenters … OK
  [169/194] delivery-person-with-driving-licence-c1 … OK
  [170/194] real-estate-managers … OK
  [171/194] commercial-insurance-associate … OK
  [172/194] servers-in-gozo … OK
  [173/194] aluminum-install-and-fabrication-foreman … OK
  [174/194] bricklayers … OK
  [175/194] audit-senior … OK
  [176/194] product-owner-hybrid … OK
  [177/194] steel-shutterers-steel-fixers … OK
  [178/194] volvo-penta-mechanic … OK
  [179/194] sign-assembler-installer … OK
  [180/194] waiters … OK
  [181/194] senior-sales-assistant-maltese-speaking … OK
  [182/194] hotel-porter … OK
  [183/194] boat-maintenance … OK
  [184/194] first-line-support-hybrid … OK
  [185/194] semi-senior-accountant … OK
  [186/194] sales-executive-2 … OK
  [187/194] housekeeper-2 … OK
  [188/194] chef-de-partie-2 … OK
  [189/194] barista-3 … OK
  [190/194] sales-executive-3 … OK
  [191/194] it-support-executive-2 … OK
  [192/194] structural-engineer-2 … OK
  [193/194] quantity-surveyor-2 … OK
  [194/194] accounts-senior-2 … OK

[4/5] Checking sitemap …
  Found 194 job URLs in sitemap

[5/5] Building report …

============================================================
  SYNC SCORE: 83.9%
============================================================
  Careers page: 120 advertised, 120 scraped
  Website:      194 jobs
  Missing jobs: 7
    + Restaurant Manager - Italian Speaking
    + Mini Bus Drivers License D
    + Junior Administrative Executive
    + Deli Counter Assistant / Salumeria Specialis
    + Chefs de Partie
    + Application Developer (Drupal) - Hybrid
    + Heavy equipment mech
  Extra jobs:   68
    - Mini Bus Driver – Licence D
    - Senior HR Coordinator - Spanish Speaking
    - Restaurant Supervisor
    - Front Office Supervisor
    - Legal Intern
    - Accounts Billing Officer
    - Finance Officer
    - Site Coordinator
    - Front Desk Agent
    - Sales Agent
  Title diffs:  3
  Location diffs: 0
  Broken links: 0
  SEO issues:   74
  Sitemap missing: 0
============================================================

  Duplicate suspects: 57
    'Junior Sales Assistant - Maltese Speaking' ≈ 'Senior Sales Assistant - Maltese Speaking' (95%)
    'Baristas' ≈ 'Barista' (93%)
    'Plumber' ≈ 'Plumbers' (93%)
    'Delivery Driver - Malta C License' ≈ 'Delivery Drivers - C1 Malta License' (91%)
    'Site Coordinator' ≈ 'HSSE Coordinator' (88%)

  Schema issues: 4 job(s)

  [Auto-Close DISABLED] 58 job(s) have been 'extra' for 3+ runs — review and close manually if genuinely filled:
    - Senior HR Coordinator - Spanish Speaking
    - Front Office Supervisor
    - Front Desk Agent
    - Hostess
    - Deli Counter Assistant / Salumeria Specialist
    - Baristas
    - Assistant Executive Housekeeper
    - Application Developer (Drupal)
    - Kitchen Porter
    - Food & Beverage Staff
    - Pool Attendants
    - Sales Executive B2B
    - Front Office Assistant
    - Showroom Sales Executive
    - Sales Engineer
    - Builders and Shutterers
    - Driver - Malta C License
    - Barber
    - Lead Azure Infrastructure Architect
    - Bartender in Gozo
    - Restaurant Supervisor in Gozo
    - Real Estate Agents
    - Kitchen Helpers in Gozo
    - Lead Microsoft 365 Architect Modern Work & Security
    - Real Estate Managers
    - Servers in Gozo
    - Barista
    - Project Manager - Construction
    - Waiters
    - Head Chef - Maltese Cuisine
    - Labourer Mechanic
    - Kitchen Assistant - Chinese Cuisine
    - Head Chef - Chinese Cuisine
    - Senior Sales & Marketing Executive - Airline Industry
    - QA Manager - Construction
    - Quality Assurance Officer/Engineer
    - Client Accounting Manager
    - Airline Sales, Reservations, and Ticketing Officer
    - Sales Assistant Manager
    - Construction Site Foreman
    - Logistics Officer
    - Assistant Laboratory Manager - Construction Materials
    - Junior Sales Assistant - Maltese Speaking
    - Bricklayers
    - Steel Shutterers & Steel Fixers
    - Senior Sales Assistant - Maltese Speaking
    - Quantity surveyor
    - Restaurant Supervisor
    - Site Coordinator
    - Bartender
    - Plumber
    - Welder
    - Compliance Manager
    - Hairdresser
    - Sous Chef
    - Electrician Installer
    - Plumbers
    - Middle Officer - (Asset Management)
  State saved — tracking 68 extra job(s)

  Fetching details for 7 missing job(s) …
    Restaurant Manager - Italian Speaking … OK
    Mini Bus Drivers License D … OK
    Junior Administrative Executive … OK
    Deli Counter Assistant / Salumeria Specialis … OK
    Chefs de Partie … OK
    Application Developer (Drupal) - Hybrid … OK
    Heavy equipment mech … /Users/sof/Library/Python/3.9/lib/python/site-packages/urllib3/__init__.py:35: NotOpenSSLWarning: urllib3 v2 only supports OpenSSL 1.1.1+, currently the 'ssl' module is compiled with 'LibreSSL 2.8.3'. See: https://github.com/urllib3/urllib3/issues/3020
  warnings.warn(
OK

[GSC] Checking 194 job URL(s) with Search Console …
  WARN: Google Search Console API skipped: No Google service account JSON found. Put one JSON file in tools/private/.

[Google Indexing] No changed job URLs to submit.

  Markdown report: /Users/sof/Documents/Projects/OutreachRecruitmentwebsite/OutreachRecruitment-Jobs-in-Malta/reports/sync-report-2026-10-05.md
  JSON report:     /Users/sof/Documents/Projects/OutreachRecruitmentwebsite/OutreachRecruitment-Jobs-in-Malta/reports/sync-report-2026-10-05.json
  CSVs saved to:   /Users/sof/Documents/Projects/OutreachRecruitmentwebsite/OutreachRecruitment-Jobs-in-Malta/reports/
  HTML preview:    /Users/sof/Documents/Projects/OutreachRecruitmentwebsite/OutreachRecruitment-Jobs-in-Malta/reports/sync-report-2026-10-05.html

  Sending email to sbarakat@outreachrecruitment.net …
  Email sent to sbarakat@outreachrecruitment.net

=== SEO Course Automation ===
GA4 added to 0 content pages; conversion events added to 0 pages.
/Users/sof/Library/Python/3.9/lib/python/site-packages/urllib3/__init__.py:35: NotOpenSSLWarning: urllib3 v2 only supports OpenSSL 1.1.1+, currently the 'ssl' module is compiled with 'LibreSSL 2.8.3'. See: https://github.com/urllib3/urllib3/issues/3020
  warnings.warn(
{
  "generated_at": "2026-10-05T10:20:28.141731+02:00",
  "checks": {
    "gsc": {
      "ok": true,
      "through": "2026-10-03",
      "days": 6,
      "queries": 1000,
      "pages": 464
    },
    "ga4": {
      "ok": true,
      "days": 6,
      "property_id": "350506159"
    },
    "audit": {
      "ok": true,
      "issues": 1639
    },
    "sectors": {
      "ok": true,
      "rows": 19
    },
    "opportunities": {
      "ok": true,
      "rows": 115
    },
    "experiments": {
      "new": 0
    },
    "supabase": {
      "ok": false,
      "error": "SUPABASE_SERVICE_ROLE_KEY not configured; local report only"
    }
  },
  "warnings": []
}
Finished: Mon Oct  5 10:20:34 CEST 2026 | Exit: 1
=== Job Sync Agent ===
Started: Tue Oct  6 06:10:06 CEST 2026
============================================================
  Outreach Recruitment — Job Sync Agent
  2026-10-06 06:10:07
============================================================

  State loaded — tracking 68 job(s) for auto-close

[1/5] Scraping careers page …
  [Careers] page 1 — https://outreach-recruitment-agency.careers-page.com/
  [Careers] page 2 — https://outreach-recruitment-agency.careers-page.com/?page=2
  [Careers] page 3 — https://outreach-recruitment-agency.careers-page.com/?page=3
  [Careers] page 4 — https://outreach-recruitment-agency.careers-page.com/?page=4
  [Careers] page 5 — https://outreach-recruitment-agency.careers-page.com/?page=5
  [Careers] page 6 — https://outreach-recruitment-agency.careers-page.com/?page=6
  [Careers] page 7 — https://outreach-recruitment-agency.careers-page.com/?page=7
  [Careers] page 8 — https://outreach-recruitment-agency.careers-page.com/?page=8
  [Careers] page 9 — https://outreach-recruitment-agency.careers-page.com/?page=9
  [Careers] page 10 — https://outreach-recruitment-agency.careers-page.com/?page=10
  [Careers] page 11 — https://outreach-recruitment-agency.careers-page.com/?page=11
  [Careers] page 12 — https://outreach-recruitment-agency.careers-page.com/?page=12
  ERROR: <urlopen error [Errno 8] nodename nor servname provided, or not known>
  Collected 110 jobs (advertised: 116)

[2/5] Scraping public website …
  [Website] Fetching https://outreachrecruitment.net/jobs/
Traceback (most recent call last):
  File "/Library/Developer/CommandLineTools/Library/Frameworks/Python3.framework/Versions/3.9/lib/python3.9/urllib/request.py", line 1346, in do_open
    h.request(req.get_method(), req.selector, req.data, headers,
  File "/Library/Developer/CommandLineTools/Library/Frameworks/Python3.framework/Versions/3.9/lib/python3.9/http/client.py", line 1257, in request
    self._send_request(method, url, body, headers, encode_chunked)
  File "/Library/Developer/CommandLineTools/Library/Frameworks/Python3.framework/Versions/3.9/lib/python3.9/http/client.py", line 1303, in _send_request
    self.endheaders(body, encode_chunked=encode_chunked)
  File "/Library/Developer/CommandLineTools/Library/Frameworks/Python3.framework/Versions/3.9/lib/python3.9/http/client.py", line 1252, in endheaders
    self._send_output(message_body, encode_chunked=encode_chunked)
  File "/Library/Developer/CommandLineTools/Library/Frameworks/Python3.framework/Versions/3.9/lib/python3.9/http/client.py", line 1012, in _send_output
    self.send(msg)
  File "/Library/Developer/CommandLineTools/Library/Frameworks/Python3.framework/Versions/3.9/lib/python3.9/http/client.py", line 952, in send
    self.connect()
  File "/Library/Developer/CommandLineTools/Library/Frameworks/Python3.framework/Versions/3.9/lib/python3.9/http/client.py", line 1419, in connect
    super().connect()
  File "/Library/Developer/CommandLineTools/Library/Frameworks/Python3.framework/Versions/3.9/lib/python3.9/http/client.py", line 923, in connect
    self.sock = self._create_connection(
  File "/Library/Developer/CommandLineTools/Library/Frameworks/Python3.framework/Versions/3.9/lib/python3.9/socket.py", line 822, in create_connection
    for res in getaddrinfo(host, port, 0, SOCK_STREAM):
  File "/Library/Developer/CommandLineTools/Library/Frameworks/Python3.framework/Versions/3.9/lib/python3.9/socket.py", line 953, in getaddrinfo
    for res in _socket.getaddrinfo(host, port, family, type, proto, flags):
socket.gaierror: [Errno 8] nodename nor servname provided, or not known

During handling of the above exception, another exception occurred:

Traceback (most recent call last):
  File "/Users/sof/Documents/Projects/OutreachRecruitmentwebsite/OutreachRecruitment-Jobs-in-Malta/tools/job_sync_agent.py", line 3606, in <module>
    sys.exit(main())
  File "/Users/sof/Documents/Projects/OutreachRecruitmentwebsite/OutreachRecruitment-Jobs-in-Malta/tools/job_sync_agent.py", line 3423, in main
    website_jobs = scrape_public_website()
  File "/Users/sof/Documents/Projects/OutreachRecruitmentwebsite/OutreachRecruitment-Jobs-in-Malta/tools/job_sync_agent.py", line 376, in scrape_public_website
    html, status = fetch(PUBLIC_JOBS_URL)
  File "/Users/sof/Documents/Projects/OutreachRecruitmentwebsite/OutreachRecruitment-Jobs-in-Malta/tools/job_sync_agent.py", line 178, in fetch
    with urlopen(req, timeout=timeout) as resp:
  File "/Library/Developer/CommandLineTools/Library/Frameworks/Python3.framework/Versions/3.9/lib/python3.9/urllib/request.py", line 214, in urlopen
    return opener.open(url, data, timeout)
  File "/Library/Developer/CommandLineTools/Library/Frameworks/Python3.framework/Versions/3.9/lib/python3.9/urllib/request.py", line 517, in open
    response = self._open(req, data)
  File "/Library/Developer/CommandLineTools/Library/Frameworks/Python3.framework/Versions/3.9/lib/python3.9/urllib/request.py", line 534, in _open
    result = self._call_chain(self.handle_open, protocol, protocol +
  File "/Library/Developer/CommandLineTools/Library/Frameworks/Python3.framework/Versions/3.9/lib/python3.9/urllib/request.py", line 494, in _call_chain
    result = func(*args)
  File "/Library/Developer/CommandLineTools/Library/Frameworks/Python3.framework/Versions/3.9/lib/python3.9/urllib/request.py", line 1389, in https_open
    return self.do_open(http.client.HTTPSConnection, req,
  File "/Library/Developer/CommandLineTools/Library/Frameworks/Python3.framework/Versions/3.9/lib/python3.9/urllib/request.py", line 1349, in do_open
    raise URLError(err)
urllib.error.URLError: <urlopen error [Errno 8] nodename nor servname provided, or not known>

=== SEO Course Automation ===
GA4 added to 0 content pages; conversion events added to 0 pages.
/Users/sof/Library/Python/3.9/lib/python/site-packages/urllib3/__init__.py:35: NotOpenSSLWarning: urllib3 v2 only supports OpenSSL 1.1.1+, currently the 'ssl' module is compiled with 'LibreSSL 2.8.3'. See: https://github.com/urllib3/urllib3/issues/3020
  warnings.warn(
Traceback (most recent call last):
  File "/Users/sof/Library/Python/3.9/lib/python/site-packages/urllib3/connection.py", line 204, in _new_conn
    sock = connection.create_connection(
  File "/Users/sof/Library/Python/3.9/lib/python/site-packages/urllib3/util/connection.py", line 60, in create_connection
    for res in socket.getaddrinfo(host, port, family, socket.SOCK_STREAM):
  File "/Library/Developer/CommandLineTools/Library/Frameworks/Python3.framework/Versions/3.9/lib/python3.9/socket.py", line 953, in getaddrinfo
    for res in _socket.getaddrinfo(host, port, family, type, proto, flags):
socket.gaierror: [Errno 8] nodename nor servname provided, or not known

The above exception was the direct cause of the following exception:

Traceback (most recent call last):
  File "/Users/sof/Library/Python/3.9/lib/python/site-packages/urllib3/connectionpool.py", line 787, in urlopen
    response = self._make_request(
  File "/Users/sof/Library/Python/3.9/lib/python/site-packages/urllib3/connectionpool.py", line 488, in _make_request
    raise new_e
  File "/Users/sof/Library/Python/3.9/lib/python/site-packages/urllib3/connectionpool.py", line 464, in _make_request
    self._validate_conn(conn)
  File "/Users/sof/Library/Python/3.9/lib/python/site-packages/urllib3/connectionpool.py", line 1093, in _validate_conn
    conn.connect()
  File "/Users/sof/Library/Python/3.9/lib/python/site-packages/urllib3/connection.py", line 759, in connect
    self.sock = sock = self._new_conn()
  File "/Users/sof/Library/Python/3.9/lib/python/site-packages/urllib3/connection.py", line 211, in _new_conn
    raise NameResolutionError(self.host, self, e) from e
urllib3.exceptions.NameResolutionError: HTTPSConnection(host='oauth2.googleapis.com', port=443): Failed to resolve 'oauth2.googleapis.com' ([Errno 8] nodename nor servname provided, or not known)

The above exception was the direct cause of the following exception:

Traceback (most recent call last):
  File "/Users/sof/Library/Python/3.9/lib/python/site-packages/requests/adapters.py", line 644, in send
    resp = conn.urlopen(
  File "/Users/sof/Library/Python/3.9/lib/python/site-packages/urllib3/connectionpool.py", line 841, in urlopen
    retries = retries.increment(
  File "/Users/sof/Library/Python/3.9/lib/python/site-packages/urllib3/util/retry.py", line 535, in increment
    raise MaxRetryError(_pool, url, reason) from reason  # type: ignore[arg-type]
urllib3.exceptions.MaxRetryError: HTTPSConnectionPool(host='oauth2.googleapis.com', port=443): Max retries exceeded with url: /token (Caused by NameResolutionError("HTTPSConnection(host='oauth2.googleapis.com', port=443): Failed to resolve 'oauth2.googleapis.com' ([Errno 8] nodename nor servname provided, or not known)"))

During handling of the above exception, another exception occurred:

Traceback (most recent call last):
  File "/Users/sof/Library/Python/3.9/lib/python/site-packages/google/auth/transport/requests.py", line 186, in __call__
    response = self.session.request(
  File "/Users/sof/Library/Python/3.9/lib/python/site-packages/requests/sessions.py", line 589, in request
    resp = self.send(prep, **send_kwargs)
  File "/Users/sof/Library/Python/3.9/lib/python/site-packages/requests/sessions.py", line 703, in send
    r = adapter.send(request, **kwargs)
  File "/Users/sof/Library/Python/3.9/lib/python/site-packages/requests/adapters.py", line 677, in send
    raise ConnectionError(e, request=request)
requests.exceptions.ConnectionError: HTTPSConnectionPool(host='oauth2.googleapis.com', port=443): Max retries exceeded with url: /token (Caused by NameResolutionError("HTTPSConnection(host='oauth2.googleapis.com', port=443): Failed to resolve 'oauth2.googleapis.com' ([Errno 8] nodename nor servname provided, or not known)"))

The above exception was the direct cause of the following exception:

Traceback (most recent call last):
  File "/Users/sof/Documents/Projects/OutreachRecruitmentwebsite/OutreachRecruitment-Jobs-in-Malta/tools/seo_course_automation.py", line 410, in <module>
    if __name__=="__main__": raise SystemExit(main())
  File "/Users/sof/Documents/Projects/OutreachRecruitmentwebsite/OutreachRecruitment-Jobs-in-Malta/tools/seo_course_automation.py", line 317, in main
    gsc=pull_gsc(); result["checks"]["gsc"]={"ok":True,"through":gsc["through"],"days":len(gsc["daily"]),"queries":len(gsc["queries"]),"pages":len(gsc["pages"])}
  File "/Users/sof/Documents/Projects/OutreachRecruitmentwebsite/OutreachRecruitment-Jobs-in-Malta/tools/seo_course_automation.py", line 216, in pull_gsc
    token=google_token(["https://www.googleapis.com/auth/webmasters.readonly"])
  File "/Users/sof/Documents/Projects/OutreachRecruitmentwebsite/OutreachRecruitment-Jobs-in-Malta/tools/seo_course_automation.py", line 76, in google_token
    credentials.refresh(GoogleRequest())
  File "/Users/sof/Library/Python/3.9/lib/python/site-packages/google/oauth2/service_account.py", line 445, in refresh
    access_token, expiry, _ = _client.jwt_grant(
  File "/Users/sof/Library/Python/3.9/lib/python/site-packages/google/oauth2/_client.py", line 308, in jwt_grant
    response_data = _token_endpoint_request(
  File "/Users/sof/Library/Python/3.9/lib/python/site-packages/google/oauth2/_client.py", line 268, in _token_endpoint_request
    response_status_ok, response_data, retryable_error = _token_endpoint_request_no_throw(
  File "/Users/sof/Library/Python/3.9/lib/python/site-packages/google/oauth2/_client.py", line 215, in _token_endpoint_request_no_throw
    request_succeeded, response_data, retryable_error = _perform_request()
  File "/Users/sof/Library/Python/3.9/lib/python/site-packages/google/oauth2/_client.py", line 191, in _perform_request
    response = request(
  File "/Users/sof/Library/Python/3.9/lib/python/site-packages/google/auth/transport/requests.py", line 192, in __call__
    raise new_exc from caught_exc
google.auth.exceptions.TransportError: HTTPSConnectionPool(host='oauth2.googleapis.com', port=443): Max retries exceeded with url: /token (Caused by NameResolutionError("HTTPSConnection(host='oauth2.googleapis.com', port=443): Failed to resolve 'oauth2.googleapis.com' ([Errno 8] nodename nor servname provided, or not known)"))
Finished: Tue Oct  6 08:23:07 CEST 2026 | Exit: 1
=== Job Sync Agent ===
Started: Thu Oct  8 06:02:55 CEST 2026
============================================================
  Outreach Recruitment — Job Sync Agent
  2026-10-08 06:02:55
============================================================

  State loaded — tracking 68 job(s) for auto-close

[1/5] Scraping careers page …
  [Careers] page 1 — https://outreach-recruitment-agency.careers-page.com/
  ERROR: <urlopen error [Errno 8] nodename nor servname provided, or not known>
  Collected 0 jobs (advertised: 0)

[2/5] Scraping public website …
  [Website] Fetching https://outreachrecruitment.net/jobs/
  Found 119 job cards

[SEO] Checking 119 job pages …
  [1/119] front-office-executive … OK
  [2/119] italian-restaurant-hospitality-positions-dubai … OK
  [3/119] junior-administrative-executive … OK
  [4/119] crane-installer … OK
  [5/119] beauty-specialist-nail-technician … OK
  [6/119] marine-mechanical-engineer … OK
  [7/119] maintenance-manager-mellieha … OK
  [8/119] restaurant-manager-italian-speaking … OK
  [9/119] gypsum-installers … OK
  [10/119] mini-bus-driver-licence-d … OK
  [11/119] proposal-engineer-energy-solutions … OK
  [12/119] head-chef-in-gozo … OK
  [13/119] storekeeper-zebbug … OK
  [14/119] driver-license-b … OK
  [15/119] forklift-operator … OK
  [16/119] front-office-agent … OK
  [17/119] head-of-spa-2 … OK
  [18/119] night-cleaner … OK
  [19/119] banqueting-fb-supervisor … OK
  [20/119] assistance-operations-coordinator … OK
  [21/119] procurement-officer … OK
  [22/119] operations-supervisor … OK
  [23/119] heavy-equipment-mechanic-2 … OK
  [24/119] learning-development-executive-hybrid … OK
  [25/119] payment-clearing-specialist … OK
  [26/119] auto-electrician-heavy-vehicles … OK
  [27/119] heavy-equipment-mechanic … OK
  [28/119] steel-shutter-installer … OK
  [29/119] junior-revenue-accounts-analyst … OK
  [30/119] public-area-cleaner … OK
  [31/119] head-chef-steakhouse … OK
  [32/119] senior-waiter-sommelier … OK
  [33/119] deli-counter-assistant-salumeria-specialist … OK
  [34/119] chef-de-partie-4 … OK
  [35/119] kitchen-helper … OK
  [36/119] ship-chandler … OK
  [37/119] fleet-mechanical-superintendent … OK
  [38/119] customer-care-agent … OK
  [39/119] hvac-technician … OK
  [40/119] delivery-man … OK
  [41/119] head-of-hvac-technicians … OK
  [42/119] tank-cleaner … OK
  [43/119] welder-burner-pipe-fitter … OK
  [44/119] shipyard-sprayer-painter … OK
  [45/119] marine-carpenter … OK
  [46/119] electronic-technician … OK
  [47/119] commercial-divers … OK
  [48/119] trailer-drivers … OK
  [49/119] purchasing-manager … OK
  [50/119] quality-engineer … no meta desc
  [51/119] marine-turner … no meta desc
  [52/119] marine-mechanical-foreman … OK
  [53/119] plate-shop-foreman … no meta desc
  [54/119] administration-specialist … OK
  [55/119] client-accountant-2 … OK
  [56/119] qhse-manager-malta … OK
  [57/119] application-developer-drupal … OK
  [58/119] fleet-tools-facility-manager … OK
  [59/119] sales-office-coordinator … OK
  [60/119] customer-contact-agent … OK
  [61/119] hr-administration-officer … OK
  [62/119] project-manager … OK
  [63/119] purchasing-officer … OK
  [64/119] estimator … OK
  [65/119] hsse-coordinator … OK
  [66/119] housekeeper … OK
  [67/119] driver-runner-washer … OK
  [68/119] supervisor … OK
  [69/119] customer-operations-associate … OK
  [70/119] structural-engineer … OK
  [71/119] senior-quantity-estimator-me … OK
  [72/119] sales-representative-in-renewables … OK
  [73/119] hvac-project-manager … OK
  [74/119] hvac-sales-representative … OK
  [75/119] maintenance-technician-electrical-licence-a-or-b … OK
  [76/119] it-support-executive … OK
  [77/119] general-maintenance-technician … OK
  [78/119] counter-assistant … OK
  [79/119] kitchen-assistant … OK
  [80/119] heavy-machine-operator … OK
  [81/119] housekeeping-attendant … OK
  [82/119] accounts-payable … OK
  [83/119] tax-manager … OK
  [84/119] automotive-service-advisor … OK
  [85/119] high-voltage-motor-vehicle-technician … OK
  [86/119] audit-senior-associate … OK
  [87/119] customer-contact-centre-representative … OK
  [88/119] builders-and-shutterers … OK
  [89/119] draughtsperson … OK
  [90/119] associate-tax-advisor … OK
  [91/119] customer-care-associate … OK
  [92/119] sales-executive-luxury-retail … OK
  [93/119] bottling-operator … OK
  [94/119] motor-vehicle-mechanictechnician … OK
  [95/119] automotive-parts-personnel … OK
  [96/119] corporate-insurance-associate … OK
  [97/119] wood-painting-finishing-specialist … OK
  [98/119] delivery-driver-malta-c-license … OK
  [99/119] health-claims-associate … OK
  [100/119] delivery-drivers-c1-malta-license … OK
  [101/119] auditor … OK
  [102/119] cnc-machine-operator … OK
  [103/119] room-attendents … OK
  [104/119] finance-associate … OK
  [105/119] skilled-carpenters … OK
  [106/119] delivery-person-with-driving-licence-c1 … OK
  [107/119] commercial-insurance-associate … OK
  [108/119] aluminum-install-and-fabrication-foreman … OK
  [109/119] audit-senior … OK
  [110/119] product-owner-hybrid … OK
  [111/119] volvo-penta-mechanic … OK
  [112/119] sign-assembler-installer … OK
  [113/119] hotel-porter … OK
  [114/119] boat-maintenance … OK
  [115/119] first-line-support-hybrid … OK
  [116/119] semi-senior-accountant … OK
  [117/119] sales-executive-2 … OK
  [118/119] housekeeper-2 … OK
  [119/119] accounts-senior-2 … /Users/sof/Library/Python/3.9/lib/python/site-packages/urllib3/__init__.py:35: NotOpenSSLWarning: urllib3 v2 only supports OpenSSL 1.1.1+, currently the 'ssl' module is compiled with 'LibreSSL 2.8.3'. See: https://github.com/urllib3/urllib3/issues/3020
  warnings.warn(
OK

[4/5] Checking sitemap …
  Found 119 job URLs in sitemap

[5/5] Building report …

============================================================
  SYNC SCORE: 67.1%
============================================================
  Careers page: 0 advertised, 0 scraped
  Website:      119 jobs
  Missing jobs: 0
  Extra jobs:   117
    - Front Office Executive
    - Italian Restaurant – Multiple Hospitality Positions
    - Junior Administrative Executive
    - Crane Installer
    - Beauty Specialist / Nail Technician
    - Marine Mechanical Engineer
    - Maintenance Manager
    - Restaurant Manager - Italian Speaking
    - Gypsum Installers
    - Mini Bus Driver – Licence D
  Title diffs:  0
  Location diffs: 0
  Broken links: 0
  SEO issues:   41
  Sitemap missing: 0
============================================================

  Duplicate suspects: 18
    'Delivery Driver - Malta C License' ≈ 'Delivery Drivers - C1 Malta License' (91%)
    'Project Manager' ≈ 'HVAC Project Manager' (86%)
    'Customer Care Agent' ≈ 'Customer Contact Agent' (83%)
    'Heavy Machine Operator' ≈ 'CNC Machine Operator' (81%)
    'Corporate Insurance Associate' ≈ 'Commercial Insurance Associate' (81%)

  Schema issues: 3 job(s)

  [Auto-Close DISABLED] 3 job(s) have been 'extra' for 3+ runs — review and close manually if genuinely filled:
    - Deli Counter Assistant / Salumeria Specialist
    - Application Developer (Drupal)
    - Builders and Shutterers
  State saved — tracking 117 extra job(s)

[GSC] Checking 119 job URL(s) with Search Console …
  [1/119] front-office-executive … 1 issue(s)
  [2/119] italian-restaurant-hospitality-positions-dubai … 1 issue(s)
  [3/119] junior-administrative-executive … 1 issue(s)
  [4/119] crane-installer … 1 issue(s)
  [5/119] beauty-specialist-nail-technician … 1 issue(s)
  [6/119] marine-mechanical-engineer … 1 issue(s)
  [7/119] maintenance-manager-mellieha … 1 issue(s)
  [8/119] restaurant-manager-italian-speaking … 1 issue(s)
  [9/119] gypsum-installers … 1 issue(s)
  [10/119] mini-bus-driver-licence-d … 1 issue(s)
  [11/119] proposal-engineer-energy-solutions … OK
  [12/119] head-chef-in-gozo … 1 issue(s)
  [13/119] storekeeper-zebbug … 1 issue(s)
  [14/119] driver-license-b … 2 issue(s)
  [15/119] forklift-operator … OK
  [16/119] front-office-agent … 1 issue(s)
  [17/119] head-of-spa-2 … 1 issue(s)
  [18/119] night-cleaner … 1 issue(s)
  [19/119] banqueting-fb-supervisor … 1 issue(s)
  [20/119] assistance-operations-coordinator … 1 issue(s)
  [21/119] procurement-officer … OK
  [22/119] operations-supervisor … 1 issue(s)
  [23/119] heavy-equipment-mechanic-2 … 1 issue(s)
  [24/119] learning-development-executive-hybrid … 2 issue(s)
  [25/119] payment-clearing-specialist … 1 issue(s)
  [26/119] auto-electrician-heavy-vehicles … 1 issue(s)
  [27/119] heavy-equipment-mechanic … 1 issue(s)
  [28/119] steel-shutter-installer … 1 issue(s)
  [29/119] junior-revenue-accounts-analyst … 1 issue(s)
  [30/119] public-area-cleaner … 1 issue(s)
  [31/119] head-chef-steakhouse … 1 issue(s)
  [32/119] senior-waiter-sommelier … OK
  [33/119] deli-counter-assistant-salumeria-specialist … OK
  [34/119] chef-de-partie-4 … 1 issue(s)
  [35/119] kitchen-helper … OK
  [36/119] ship-chandler … 1 issue(s)
  [37/119] fleet-mechanical-superintendent … 1 issue(s)
  [38/119] customer-care-agent … 1 issue(s)
  [39/119] hvac-technician … 1 issue(s)
  [40/119] delivery-man … 1 issue(s)
  [41/119] head-of-hvac-technicians … 1 issue(s)
  [42/119] tank-cleaner … 1 issue(s)
  [43/119] welder-burner-pipe-fitter … 1 issue(s)
  [44/119] shipyard-sprayer-painter … 1 issue(s)
  [45/119] marine-carpenter … 1 issue(s)
  [46/119] electronic-technician … 1 issue(s)
  [47/119] commercial-divers … 1 issue(s)
  [48/119] trailer-drivers … 2 issue(s)
  [49/119] purchasing-manager … 1 issue(s)
  [50/119] quality-engineer … 1 issue(s)
  [51/119] marine-turner … 1 issue(s)
  [52/119] marine-mechanical-foreman … 1 issue(s)
  [53/119] plate-shop-foreman … 1 issue(s)
  [54/119] administration-specialist … 1 issue(s)
  [55/119] client-accountant-2 … 1 issue(s)
  [56/119] qhse-manager-malta … 1 issue(s)
  [57/119] application-developer-drupal … 1 issue(s)
  [58/119] fleet-tools-facility-manager … 1 issue(s)
  [59/119] sales-office-coordinator … 1 issue(s)
  [60/119] customer-contact-agent … OK
  [61/119] hr-administration-officer … 2 issue(s)
  [62/119] project-manager … 1 issue(s)
  [63/119] purchasing-officer … OK
  [64/119] estimator … 1 issue(s)
  [65/119] hsse-coordinator … 1 issue(s)
  [66/119] housekeeper … 1 issue(s)
  [67/119] driver-runner-washer … 1 issue(s)
  [68/119] supervisor … 1 issue(s)
  [69/119] customer-operations-associate … 2 issue(s)
  [70/119] structural-engineer … 1 issue(s)
  [71/119] senior-quantity-estimator-me … 1 issue(s)
  [72/119] sales-representative-in-renewables … 1 issue(s)
  [73/119] hvac-project-manager … 1 issue(s)
  [74/119] hvac-sales-representative … 1 issue(s)
  [75/119] maintenance-technician-electrical-licence-a-or-b … 1 issue(s)
  [76/119] it-support-executive … 2 issue(s)
  [77/119] general-maintenance-technician … 1 issue(s)
  [78/119] counter-assistant … 1 issue(s)
  [79/119] kitchen-assistant … 2 issue(s)
  [80/119] heavy-machine-operator … OK
  [81/119] housekeeping-attendant … 1 issue(s)
  [82/119] accounts-payable … 1 issue(s)
  [83/119] tax-manager … 1 issue(s)
  [84/119] automotive-service-advisor … 1 issue(s)
  [85/119] high-voltage-motor-vehicle-technician … 1 issue(s)
  [86/119] audit-senior-associate … 1 issue(s)
  [87/119] customer-contact-centre-representative … 1 issue(s)
  [88/119] builders-and-shutterers … 2 issue(s)
  [89/119] draughtsperson … 1 issue(s)
  [90/119] associate-tax-advisor … 1 issue(s)
  [91/119] customer-care-associate … 1 issue(s)
  [92/119] sales-executive-luxury-retail … 1 issue(s)
  [93/119] bottling-operator … 1 issue(s)
  [94/119] motor-vehicle-mechanictechnician … 1 issue(s)
  [95/119] automotive-parts-personnel … 1 issue(s)
  [96/119] corporate-insurance-associate … 1 issue(s)
  [97/119] wood-painting-finishing-specialist … 1 issue(s)
  [98/119] delivery-driver-malta-c-license … 1 issue(s)
  [99/119] health-claims-associate … 1 issue(s)
  [100/119] delivery-drivers-c1-malta-license … 2 issue(s)
  [101/119] auditor … 2 issue(s)
  [102/119] cnc-machine-operator … OK
  [103/119] room-attendents … 1 issue(s)
  [104/119] finance-associate … 1 issue(s)
  [105/119] skilled-carpenters … 1 issue(s)
  [106/119] delivery-person-with-driving-licence-c1 … 1 issue(s)
  [107/119] commercial-insurance-associate … 2 issue(s)
  [108/119] aluminum-install-and-fabrication-foreman … 1 issue(s)
  [109/119] audit-senior … 1 issue(s)
  [110/119] product-owner-hybrid … 1 issue(s)
  [111/119] volvo-penta-mechanic … 1 issue(s)
  [112/119] sign-assembler-installer … 1 issue(s)
  [113/119] hotel-porter … 1 issue(s)
  [114/119] boat-maintenance … 1 issue(s)
  [115/119] first-line-support-hybrid … 1 issue(s)
  [116/119] semi-senior-accountant … OK
  [117/119] sales-executive-2 … 1 issue(s)
  [118/119] housekeeper-2 … 1 issue(s)
  [119/119] accounts-senior-2 … 1 issue(s)

[Google Indexing] No changed job URLs to submit.

  Markdown report: /Users/sof/Documents/Projects/OutreachRecruitmentwebsite/OutreachRecruitment-Jobs-in-Malta/reports/sync-report-2026-10-08.md
  JSON report:     /Users/sof/Documents/Projects/OutreachRecruitmentwebsite/OutreachRecruitment-Jobs-in-Malta/reports/sync-report-2026-10-08.json
  CSVs saved to:   /Users/sof/Documents/Projects/OutreachRecruitmentwebsite/OutreachRecruitment-Jobs-in-Malta/reports/
  HTML preview:    /Users/sof/Documents/Projects/OutreachRecruitmentwebsite/OutreachRecruitment-Jobs-in-Malta/reports/sync-report-2026-10-08.html

  Sending email to sbarakat@outreachrecruitment.net …
  Email sent to sbarakat@outreachrecruitment.net

=== SEO Course Automation ===
GA4 added to 0 content pages; conversion events added to 0 pages.
/Users/sof/Library/Python/3.9/lib/python/site-packages/urllib3/__init__.py:35: NotOpenSSLWarning: urllib3 v2 only supports OpenSSL 1.1.1+, currently the 'ssl' module is compiled with 'LibreSSL 2.8.3'. See: https://github.com/urllib3/urllib3/issues/3020
  warnings.warn(
{
  "generated_at": "2026-10-08T06:26:59.004999+02:00",
  "checks": {
    "gsc": {
      "ok": true,
      "through": "2026-10-06",
      "days": 6,
      "queries": 1000,
      "pages": 466
    },
    "ga4": {
      "ok": true,
      "days": 6,
      "property_id": "350506159"
    },
    "audit": {
      "ok": true,
      "issues": 1646
    },
    "sectors": {
      "ok": true,
      "rows": 18
    },
    "opportunities": {
      "ok": true,
      "rows": 110
    },
    "experiments": {
      "new": 498
    },
    "supabase": {
      "ok": false,
      "error": "SUPABASE_SERVICE_ROLE_KEY not configured; local report only"
    }
  },
  "warnings": []
}
Finished: Thu Oct  8 06:27:05 CEST 2026 | Exit: 1
=== Job Sync Agent ===
Started: Fri Oct  9 06:06:26 CEST 2026
============================================================
  Outreach Recruitment — Job Sync Agent
  2026-10-09 06:06:26
============================================================

  State loaded — tracking 117 job(s) for auto-close

[1/5] Scraping careers page …
  [Careers] page 1 — https://outreach-recruitment-agency.careers-page.com/
  ERROR: <urlopen error [Errno 8] nodename nor servname provided, or not known>
  Collected 0 jobs (advertised: 0)

[2/5] Scraping public website …
  [Website] Fetching https://outreachrecruitment.net/jobs/
Traceback (most recent call last):
  File "/Library/Developer/CommandLineTools/Library/Frameworks/Python3.framework/Versions/3.9/lib/python3.9/urllib/request.py", line 1346, in do_open
    h.request(req.get_method(), req.selector, req.data, headers,
  File "/Library/Developer/CommandLineTools/Library/Frameworks/Python3.framework/Versions/3.9/lib/python3.9/http/client.py", line 1257, in request
    self._send_request(method, url, body, headers, encode_chunked)
  File "/Library/Developer/CommandLineTools/Library/Frameworks/Python3.framework/Versions/3.9/lib/python3.9/http/client.py", line 1303, in _send_request
    self.endheaders(body, encode_chunked=encode_chunked)
  File "/Library/Developer/CommandLineTools/Library/Frameworks/Python3.framework/Versions/3.9/lib/python3.9/http/client.py", line 1252, in endheaders
    self._send_output(message_body, encode_chunked=encode_chunked)
  File "/Library/Developer/CommandLineTools/Library/Frameworks/Python3.framework/Versions/3.9/lib/python3.9/http/client.py", line 1012, in _send_output
    self.send(msg)
  File "/Library/Developer/CommandLineTools/Library/Frameworks/Python3.framework/Versions/3.9/lib/python3.9/http/client.py", line 952, in send
    self.connect()
  File "/Library/Developer/CommandLineTools/Library/Frameworks/Python3.framework/Versions/3.9/lib/python3.9/http/client.py", line 1419, in connect
    super().connect()
  File "/Library/Developer/CommandLineTools/Library/Frameworks/Python3.framework/Versions/3.9/lib/python3.9/http/client.py", line 923, in connect
    self.sock = self._create_connection(
  File "/Library/Developer/CommandLineTools/Library/Frameworks/Python3.framework/Versions/3.9/lib/python3.9/socket.py", line 822, in create_connection
    for res in getaddrinfo(host, port, 0, SOCK_STREAM):
  File "/Library/Developer/CommandLineTools/Library/Frameworks/Python3.framework/Versions/3.9/lib/python3.9/socket.py", line 953, in getaddrinfo
    for res in _socket.getaddrinfo(host, port, family, type, proto, flags):
socket.gaierror: [Errno 8] nodename nor servname provided, or not known

During handling of the above exception, another exception occurred:

Traceback (most recent call last):
  File "/Users/sof/Documents/Projects/OutreachRecruitmentwebsite/OutreachRecruitment-Jobs-in-Malta/tools/job_sync_agent.py", line 3606, in <module>
    sys.exit(main())
  File "/Users/sof/Documents/Projects/OutreachRecruitmentwebsite/OutreachRecruitment-Jobs-in-Malta/tools/job_sync_agent.py", line 3423, in main
    website_jobs = scrape_public_website()
  File "/Users/sof/Documents/Projects/OutreachRecruitmentwebsite/OutreachRecruitment-Jobs-in-Malta/tools/job_sync_agent.py", line 376, in scrape_public_website
    html, status = fetch(PUBLIC_JOBS_URL)
  File "/Users/sof/Documents/Projects/OutreachRecruitmentwebsite/OutreachRecruitment-Jobs-in-Malta/tools/job_sync_agent.py", line 178, in fetch
    with urlopen(req, timeout=timeout) as resp:
  File "/Library/Developer/CommandLineTools/Library/Frameworks/Python3.framework/Versions/3.9/lib/python3.9/urllib/request.py", line 214, in urlopen
    return opener.open(url, data, timeout)
  File "/Library/Developer/CommandLineTools/Library/Frameworks/Python3.framework/Versions/3.9/lib/python3.9/urllib/request.py", line 517, in open
    response = self._open(req, data)
  File "/Library/Developer/CommandLineTools/Library/Frameworks/Python3.framework/Versions/3.9/lib/python3.9/urllib/request.py", line 534, in _open
    result = self._call_chain(self.handle_open, protocol, protocol +
  File "/Library/Developer/CommandLineTools/Library/Frameworks/Python3.framework/Versions/3.9/lib/python3.9/urllib/request.py", line 494, in _call_chain
    result = func(*args)
  File "/Library/Developer/CommandLineTools/Library/Frameworks/Python3.framework/Versions/3.9/lib/python3.9/urllib/request.py", line 1389, in https_open
    return self.do_open(http.client.HTTPSConnection, req,
  File "/Library/Developer/CommandLineTools/Library/Frameworks/Python3.framework/Versions/3.9/lib/python3.9/urllib/request.py", line 1349, in do_open
    raise URLError(err)
urllib.error.URLError: <urlopen error [Errno 8] nodename nor servname provided, or not known>

=== SEO Course Automation ===
GA4 added to 0 content pages; conversion events added to 0 pages.
/Users/sof/Library/Python/3.9/lib/python/site-packages/urllib3/__init__.py:35: NotOpenSSLWarning: urllib3 v2 only supports OpenSSL 1.1.1+, currently the 'ssl' module is compiled with 'LibreSSL 2.8.3'. See: https://github.com/urllib3/urllib3/issues/3020
  warnings.warn(
Traceback (most recent call last):
  File "/Users/sof/Library/Python/3.9/lib/python/site-packages/urllib3/connection.py", line 204, in _new_conn
    sock = connection.create_connection(
  File "/Users/sof/Library/Python/3.9/lib/python/site-packages/urllib3/util/connection.py", line 60, in create_connection
    for res in socket.getaddrinfo(host, port, family, socket.SOCK_STREAM):
  File "/Library/Developer/CommandLineTools/Library/Frameworks/Python3.framework/Versions/3.9/lib/python3.9/socket.py", line 953, in getaddrinfo
    for res in _socket.getaddrinfo(host, port, family, type, proto, flags):
socket.gaierror: [Errno 8] nodename nor servname provided, or not known

The above exception was the direct cause of the following exception:

Traceback (most recent call last):
  File "/Users/sof/Library/Python/3.9/lib/python/site-packages/urllib3/connectionpool.py", line 787, in urlopen
    response = self._make_request(
  File "/Users/sof/Library/Python/3.9/lib/python/site-packages/urllib3/connectionpool.py", line 488, in _make_request
    raise new_e
  File "/Users/sof/Library/Python/3.9/lib/python/site-packages/urllib3/connectionpool.py", line 464, in _make_request
    self._validate_conn(conn)
  File "/Users/sof/Library/Python/3.9/lib/python/site-packages/urllib3/connectionpool.py", line 1093, in _validate_conn
    conn.connect()
  File "/Users/sof/Library/Python/3.9/lib/python/site-packages/urllib3/connection.py", line 759, in connect
    self.sock = sock = self._new_conn()
  File "/Users/sof/Library/Python/3.9/lib/python/site-packages/urllib3/connection.py", line 211, in _new_conn
    raise NameResolutionError(self.host, self, e) from e
urllib3.exceptions.NameResolutionError: HTTPSConnection(host='oauth2.googleapis.com', port=443): Failed to resolve 'oauth2.googleapis.com' ([Errno 8] nodename nor servname provided, or not known)

The above exception was the direct cause of the following exception:

Traceback (most recent call last):
  File "/Users/sof/Library/Python/3.9/lib/python/site-packages/requests/adapters.py", line 644, in send
    resp = conn.urlopen(
  File "/Users/sof/Library/Python/3.9/lib/python/site-packages/urllib3/connectionpool.py", line 841, in urlopen
    retries = retries.increment(
  File "/Users/sof/Library/Python/3.9/lib/python/site-packages/urllib3/util/retry.py", line 535, in increment
    raise MaxRetryError(_pool, url, reason) from reason  # type: ignore[arg-type]
urllib3.exceptions.MaxRetryError: HTTPSConnectionPool(host='oauth2.googleapis.com', port=443): Max retries exceeded with url: /token (Caused by NameResolutionError("HTTPSConnection(host='oauth2.googleapis.com', port=443): Failed to resolve 'oauth2.googleapis.com' ([Errno 8] nodename nor servname provided, or not known)"))

During handling of the above exception, another exception occurred:

Traceback (most recent call last):
  File "/Users/sof/Library/Python/3.9/lib/python/site-packages/google/auth/transport/requests.py", line 186, in __call__
    response = self.session.request(
  File "/Users/sof/Library/Python/3.9/lib/python/site-packages/requests/sessions.py", line 589, in request
    resp = self.send(prep, **send_kwargs)
  File "/Users/sof/Library/Python/3.9/lib/python/site-packages/requests/sessions.py", line 703, in send
    r = adapter.send(request, **kwargs)
  File "/Users/sof/Library/Python/3.9/lib/python/site-packages/requests/adapters.py", line 677, in send
    raise ConnectionError(e, request=request)
requests.exceptions.ConnectionError: HTTPSConnectionPool(host='oauth2.googleapis.com', port=443): Max retries exceeded with url: /token (Caused by NameResolutionError("HTTPSConnection(host='oauth2.googleapis.com', port=443): Failed to resolve 'oauth2.googleapis.com' ([Errno 8] nodename nor servname provided, or not known)"))

The above exception was the direct cause of the following exception:

Traceback (most recent call last):
  File "/Users/sof/Documents/Projects/OutreachRecruitmentwebsite/OutreachRecruitment-Jobs-in-Malta/tools/seo_course_automation.py", line 410, in <module>
    if __name__=="__main__": raise SystemExit(main())
  File "/Users/sof/Documents/Projects/OutreachRecruitmentwebsite/OutreachRecruitment-Jobs-in-Malta/tools/seo_course_automation.py", line 317, in main
    gsc=pull_gsc(); result["checks"]["gsc"]={"ok":True,"through":gsc["through"],"days":len(gsc["daily"]),"queries":len(gsc["queries"]),"pages":len(gsc["pages"])}
  File "/Users/sof/Documents/Projects/OutreachRecruitmentwebsite/OutreachRecruitment-Jobs-in-Malta/tools/seo_course_automation.py", line 216, in pull_gsc
    token=google_token(["https://www.googleapis.com/auth/webmasters.readonly"])
  File "/Users/sof/Documents/Projects/OutreachRecruitmentwebsite/OutreachRecruitment-Jobs-in-Malta/tools/seo_course_automation.py", line 76, in google_token
    credentials.refresh(GoogleRequest())
  File "/Users/sof/Library/Python/3.9/lib/python/site-packages/google/oauth2/service_account.py", line 445, in refresh
    access_token, expiry, _ = _client.jwt_grant(
  File "/Users/sof/Library/Python/3.9/lib/python/site-packages/google/oauth2/_client.py", line 308, in jwt_grant
    response_data = _token_endpoint_request(
  File "/Users/sof/Library/Python/3.9/lib/python/site-packages/google/oauth2/_client.py", line 268, in _token_endpoint_request
    response_status_ok, response_data, retryable_error = _token_endpoint_request_no_throw(
  File "/Users/sof/Library/Python/3.9/lib/python/site-packages/google/oauth2/_client.py", line 215, in _token_endpoint_request_no_throw
    request_succeeded, response_data, retryable_error = _perform_request()
  File "/Users/sof/Library/Python/3.9/lib/python/site-packages/google/oauth2/_client.py", line 191, in _perform_request
    response = request(
  File "/Users/sof/Library/Python/3.9/lib/python/site-packages/google/auth/transport/requests.py", line 192, in __call__
    raise new_exc from caught_exc
google.auth.exceptions.TransportError: HTTPSConnectionPool(host='oauth2.googleapis.com', port=443): Max retries exceeded with url: /token (Caused by NameResolutionError("HTTPSConnection(host='oauth2.googleapis.com', port=443): Failed to resolve 'oauth2.googleapis.com' ([Errno 8] nodename nor servname provided, or not known)"))
Finished: Fri Oct  9 07:39:50 CEST 2026 | Exit: 1
