=== Job Sync Agent ===
Started: Mon Oct  5 10:13:41 CEST 2026
============================================================
  Outreach Recruitment — Job Sync Agent
  2026-10-05 10:13:41
============================================================

  State loaded — tracking 59 job(s) for auto-close

[1/5] Scraping careers page …
  [Careers] page 1 — https://outreach-recruitment-agency.careers-page.com/
  [Careers] page 2 — https://outreach-recruitment-agency.careers-page.com/?page=2
  [Careers] page 3 — https://outreach-recruitment-agency.careers-page.com/?page=3
  [Careers] page 4 — https://outreach-recruitment-agency.careers-page.com/?page=4
  [Careers] page 5 — https://outreach-recruitment-agency.careers-page.com/?page=5
  [Careers] page 6 — https://outreach-recruitment-agency.careers-page.com/?page=6
  [Careers] page 7 — https://outreach-recruitment-agency.careers-page.com/?page=7
  [Careers] page 8 — https://outreach-recruitment-agency.careers-page.com/?page=8
  [Careers] page 9 — https://outreach-recruitment-agency.careers-page.com/?page=9
  [Careers] page 10 — https://outreach-recruitment-agency.careers-page.com/?page=10
  [Careers] page 11 — https://outreach-recruitment-agency.careers-page.com/?page=11
  [Careers] page 12 — https://outreach-recruitment-agency.careers-page.com/?page=12
  [Careers] page 13 — https://outreach-recruitment-agency.careers-page.com/?page=13
  Collected 120 jobs (advertised: 120)

[2/5] Scraping public website …
  [Website] Fetching https://outreachrecruitment.net/jobs/
  Found 194 job cards

[SEO] Checking 194 job pages …
  [1/194] gypsum-installers … OK
  [2/194] mini-bus-driver-licence-d … OK
  [3/194] proposal-engineer-energy-solutions … OK
  [4/194] head-chef-in-gozo … OK
  [5/194] storekeeper-zebbug … OK
  [6/194] driver-license-b … OK
  [7/194] forklift-operator … OK
  [8/194] front-office-agent … OK
  [9/194] head-of-spa-2 … OK
  [10/194] night-cleaner … OK
  [11/194] banqueting-fb-supervisor … OK
  [12/194] senior-hr-coordinator-spanish-speaking … OK
  [13/194] assistance-operations-coordinator … OK
  [14/194] procurement-officer … OK
  [15/194] hr-executive-st-julians … OK
  [16/194] operations-supervisor … OK
  [17/194] restaurant-supervisor-2 … OK
  [18/194] front-office-supervisor-2 … OK
  [19/194] heavy-equipment-mechanic-2 … OK
  [20/194] spa-receptionist … OK
  [21/194] spa-sales-promotional-staff … OK
  [22/194] spa-supervisor … OK
  [23/194] legal-intern … OK
  [24/194] accounts-billing-officer … OK
  [25/194] finance-officer … OK
  [26/194] learning-development-executive-hybrid … OK
  [27/194] senior-claims-executive … OK
  [28/194] payment-clearing-specialist … OK
  [29/194] site-coordinator … OK
  [30/194] auto-electrician-heavy-vehicles … OK
  [31/194] heavy-equipment-mechanic … OK
  [32/194] steel-shutter-installer … OK
  [33/194] junior-revenue-accounts-analyst … OK
  [34/194] public-area-cleaner … OK
  [35/194] head-chef-steakhouse … OK
  [36/194] senior-waiter-sommelier … OK
  [37/194] front-desk-agent … OK
  [38/194] sales-agent … OK
  [39/194] bartender-2 … OK
  [40/194] hostess-2 … OK
  [41/194] maintenance-technician-2 … OK
  [42/194] deli-counter-assistant-salumeria-specialist … OK
  [43/194] chef-de-partie-4 … OK
  [44/194] baristas … OK
  [45/194] kitchen-helper … OK
  [46/194] ship-chandler … OK
  [47/194] fleet-mechanical-superintendent … OK
  [48/194] customer-care-team-leader … OK
  [49/194] customer-care-agent … OK
  [50/194] hvac-technician … OK
  [51/194] delivery-man … OK
  [52/194] head-of-hvac-technicians … OK
  [53/194] general-labourer … OK
  [54/194] tank-cleaner … OK
  [55/194] welder-burner-pipe-fitter … OK
  [56/194] shipyard-sprayer-painter … OK
  [57/194] marine-carpenter … OK
  [58/194] electronic-technician … OK
  [59/194] commercial-divers … OK
  [60/194] trailer-drivers … OK
  [61/194] purchasing-manager … OK
  [62/194] quality-engineer … no meta desc
  [63/194] marine-turner … no meta desc
  [64/194] marine-mechanical-foreman … OK
  [65/194] plate-shop-foreman … no meta desc
  [66/194] crew-concierge … no meta desc
  [67/194] payables-finance-executive … OK
  [68/194] bartender-mellieha … OK
  [69/194] client-accountant-2 … OK
  [70/194] assistant-executive-housekeeper … OK
  [71/194] qhse-manager-malta … OK
  [72/194] application-developer-drupal … OK
  [73/194] fleet-tools-facility-manager … OK
  [74/194] plumber … OK
  [75/194] welder … OK
  [76/194] sales-office-coordinator … OK
  [77/194] maintenance-technician … OK
  [78/194] assistance-co-ordinator … OK
  [79/194] customer-contact-agent … OK
  [80/194] hr-administration-officer … OK
  [81/194] project-manager … OK
  [82/194] purchasing-officer … OK
  [83/194] estimator … OK
  [84/194] hsse-coordinator … OK
  [85/194] restaurant-supervisor … OK
  [86/194] kitchen-porter … OK
  [87/194] chef-de-partie … OK
  [88/194] housekeeper … OK
  [89/194] food-beverage-staff … OK
  [90/194] compliance-manager … OK
  [91/194] hairdresser … OK
  [92/194] pool-attendants … OK
  [93/194] head-chef … OK
  [94/194] driver-runner-washer … OK
  [95/194] level-2-platform-ops-engineer … OK
  [96/194] sous-chef … OK
  [97/194] supervisor … OK
  [98/194] customer-operations-associate … 