=== Job Sync Agent ===
Started: Tue Oct  6 06:10:06 CEST 2026
============================================================
  Outreach Recruitment — Job Sync Agent
  2026-10-06 06:10:07
============================================================

  State loaded — tracking 68 job(s) for auto-close

[1/5] Scraping careers page …
  [Careers] page 1 — https://outreach-recruitment-agency.careers-page.com/
  [Careers] page 2 — https://outreach-recruitment-agency.careers-page.com/?page=2
  [Careers] page 3 — https://outreach-recruitment-agency.careers-page.com/?page=3
  [Careers] page 4 — https://outreach-recruitment-agency.careers-page.com/?page=4
  [Careers] page 5 — https://outreach-recruitment-agency.careers-page.com/?page=5
  [Careers] page 6 — https://outreach-recruitment-agency.careers-page.com/?page=6
  [Careers] page 7 — https://outreach-recruitment-agency.careers-page.com/?page=7
  [Careers] page 8 — https://outreach-recruitment-agency.careers-page.com/?page=8
  [Careers] page 9 — https://outreach-recruitment-agency.careers-page.com/?page=9
  [Careers] page 10 — https://outreach-recruitment-agency.careers-page.com/?page=10
  [Careers] page 11 — https://outreach-recruitment-agency.careers-page.com/?page=11
  [Careers] page 12 — https://outreach-recruitment-agency.careers-page.com/?page=12
  ERROR: <urlopen error [Errno 8] nodename nor servname provided, or not known>
  Collected 110 jobs (advertised: 116)

[2/5] Scraping public website …
  [Website] Fetching https://outreachrecruitment.net/jobs/
Traceback (most recent call last):
  File "/Library/Developer/CommandLineTools/Library/Frameworks/Python3.framework/Versions/3.9/lib/python3.9/urllib/request.py", line 1346, in do_open
    h.request(req.get_method(), req.selector, req.data, headers,
  File "/Library/Developer/CommandLineTools/Library/Frameworks/Python3.framework/Versions/3.9/lib/python3.9/http/client.py", line 1257, in request
    self._send_request(method, url, body, headers, encode_chunked)
  File "/Library/Developer/CommandLineTools/Library/Frameworks/Python3.framework/Versions/3.9/lib/python3.9/http/client.py", line 1303, in _send_request
    self.endheaders(body, encode_chunked=encode_chunked)
  File "/Library/Developer/CommandLineTools/Library/Frameworks/Python3.framework/Versions/3.9/lib/python3.9/http/client.py", line 1252, in endheaders
    self._send_output(message_body, encode_chunked=encode_chunked)
  File "/Library/Developer/CommandLineTools/Library/Frameworks/Python3.framework/Versions/3.9/lib/python3.9/http/client.py", line 1012, in _send_output
    self.send(msg)
  File "/Library/Developer/CommandLineTools/Library/Frameworks/Python3.framework/Versions/3.9/lib/python3.9/http/client.py", line 952, in send
    self.connect()
  File "/Library/Developer/CommandLineTools/Library/Frameworks/Python3.framework/Versions/3.9/lib/python3.9/http/client.py", line 1419, in connect
    super().connect()
  File "/Library/Developer/CommandLineTools/Library/Frameworks/Python3.framework/Versions/3.9/lib/python3.9/http/client.py", line 923, in connect
    self.sock = self._create_connection(
  File "/Library/Developer/CommandLineTools/Library/Frameworks/Python3.framework/Versions/3.9/lib/python3.9/socket.py", line 822, in create_connection
    for res in getaddrinfo(host, port, 0, SOCK_STREAM):
  File "/Library/Developer/CommandLineTools/Library/Frameworks/Python3.framework/Versions/3.9/lib/python3.9/socket.py", line 953, in getaddrinfo
    for res in _socket.getaddrinfo(host, port, family, type, proto, flags):
socket.gaierror: [Errno 8] nodename nor servname provided, or not known

During handling of the above exception, another exception occurred:

Traceback (most recent call last):
  File "/Users/sof/Documents/Projects/OutreachRecruitmentwebsite/OutreachRecruitment-Jobs-in-Malta/tools/job_sync_agent.py", line 3606, in <module>
    sys.exit(main())
  File "/Users/sof/Documents/Projects/OutreachRecruitmentwebsite/OutreachRecruitment-Jobs-in-Malta/tools/job_sync_agent.py", line 3423, in main
    website_jobs = scrape_public_website()
  File "/Users/sof/Documents/Projects/OutreachRecruitmentwebsite/OutreachRecruitment-Jobs-in-Malta/tools/job_sync_agent.py", line 376, in scrape_public_website
    html, status = fetch(PUBLIC_JOBS_URL)
  File "/Users/sof/Documents/Projects/OutreachRecruitmentwebsite/OutreachRecruitment-Jobs-in-Malta/tools/job_sync_agent.py", line 178, in fetch
    with urlopen(req, timeout=timeout) as resp:
  File "/Library/Developer/CommandLineTools/Library/Frameworks/Python3.framework/Versions/3.9/lib/python3.9/urllib/request.py", line 214, in urlopen
    return opener.open(url, data, timeout)
  File "/Library/Developer/CommandLineTools/Library/Frameworks/Python3.framework/Versions/3.9/lib/python3.9/urllib/request.py", line 517, in open
    response = self._open(req, data)
  File "/Library/Developer/CommandLineTools/Library/Frameworks/Python3.framework/Versions/3.9/lib/python3.9/urllib/request.py", line 534, in _open
    result = self._call_chain(self.handle_open, protocol, protocol +
  File "/Library/Developer/CommandLineTools/Library/Frameworks/Python3.framework/Versions/3.9/lib/python3.9/urllib/request.py", line 494, in _call_chain
    result = func(*args)
  File "/Library/Developer/CommandLineTools/Library/Frameworks/Python3.framework/Versions/3.9/lib/python3.9/urllib/request.py", line 1389, in https_open
    return self.do_open(http.client.HTTPSConnection, req,
  File "/Library/Developer/CommandLineTools/Library/Frameworks/Python3.framework/Versions/3.9/lib/python3.9/urllib/request.py", line 1349, in do_open
    raise URLError(err)
urllib.error.URLError: <urlopen error [Errno 8] nodename nor servname provided, or not known>

=== SEO Course Automation ===
GA4 added to 0 content pages; conversion events added to 0 pages.
/Users/sof/Library/Python/3.9/lib/python/site-packages/urllib3/__init__.py:35: NotOpenSSLWarning: urllib3 v2 only supports OpenSSL 1.1.1+, currently the 'ssl' module is compiled with 'LibreSSL 2.8.3'. See: https://github.com/urllib3/urllib3/issues/3020
  warnings.warn(
Traceback (most recent call last):
  File "/Users/sof/Library/Python/3.9/lib/python/site-packages/urllib3/connection.py", line 204, in _new_conn
    sock = connection.create_connection(
  File "/Users/sof/Library/Python/3.9/lib/python/site-packages/urllib3/util/connection.py", line 60, in create_connection
    for res in socket.getaddrinfo(host, port, family, socket.SOCK_STREAM):
  File "/Library/Developer/CommandLineTools/Library/Frameworks/Python3.framework/Versions/3.9/lib/python3.9/socket.py", line 953, in getaddrinfo
    for res in _socket.getaddrinfo(host, port, family, type, proto, flags):
socket.gaierror: [Errno 8] nodename nor servname provided, or not known

The above exception was the direct cause of the following exception:

Traceback (most recent call last):
  File "/Users/sof/Library/Python/3.9/lib/python/site-packages/urllib3/connectionpool.py", line 787, in urlopen
    response = self._make_request(
  File "/Users/sof/Library/Python/3.9/lib/python/site-packages/urllib3/connectionpool.py", line 488, in _make_request
    raise new_e
  File "/Users/sof/Library/Python/3.9/lib/python/site-packages/urllib3/connectionpool.py", line 464, in _make_request
    self._validate_conn(conn)
  File "/Users/sof/Library/Python/3.9/lib/python/site-packages/urllib3/connectionpool.py", line 1093, in _validate_conn
    conn.connect()
  File "/Users/sof/Library/Python/3.9/lib/python/site-packages/urllib3/connection.py", line 759, in connect
    self.sock = sock = self._new_conn()
  File "/Users/sof/Library/Python/3.9/lib/python/site-packages/urllib3/connection.py", line 211, in _new_conn
    raise NameResolutionError(self.host, self, e) from e
urllib3.exceptions.NameResolutionError: HTTPSConnection(host='oauth2.googleapis.com', port=443): Failed to resolve 'oauth2.googleapis.com' ([Errno 8] nodename nor servname provided, or not known)

The above exception was the direct cause of the following exception:

Traceback (most recent call last):
  File "/Users/sof/Library/Python/3.9/lib/python/site-packages/requests/adapters.py", line 644, in send
    resp = conn.urlopen(
  File "/Users/sof/Library/Python/3.9/lib/python/site-packages/urllib3/connectionpool.py", line 841, in urlopen
    retries = retries.increment(
  File "/Users/sof/Library/Python/3.9/lib/python/site-packages/urllib3/util/retry.py", line 535, in increment
    raise MaxRetryError(_pool, url, reason) from reason  # type: ignore[arg-type]
urllib3.exceptions.MaxRetryError: HTTPSConnectionPool(host='oauth2.googleapis.com', port=443): Max retries exceeded with url: /token (Caused by NameResolutionError("HTTPSConnection(host='oauth2.googleapis.com', port=443): Failed to resolve 'oauth2.googleapis.com' ([Errno 8] nodename nor servname provided, or not known)"))

During handling of the above exception, another exception occurred:

Traceback (most recent call last):
  File "/Users/sof/Library/Python/3.9/lib/python/site-packages/google/auth/transport/requests.py", line 186, in __call__
    response = self.session.request(
  File "/Users/sof/Library/Python/3.9/lib/python/site-packages/requests/sessions.py", line 589, in request
    resp = self.send(prep, **send_kwargs)
  File "/Users/sof/Library/Python/3.9/lib/python/site-packages/requests/sessions.py", line 703, in send
    r = adapter.send(request, **kwargs)
  File "/Users/sof/Library/Python/3.9/lib/python/site-packages/requests/adapters.py", line 677, in send
    raise ConnectionError(e, request=request)
requests.exceptions.ConnectionError: HTTPSConnectionPool(host='oauth2.googleapis.com', port=443): Max retries exceeded with url: /token (Caused by NameResolutionError("HTTPSConnection(host='oauth2.googleapis.com', port=443): Failed to resolve 'oauth2.googleapis.com' ([Errno 8] nodename nor servname provided, or not known)"))

The above exception was the direct cause of the following exception:

Traceback (most recent call last):
  File "/Users/sof/Documents/Projects/OutreachRecruitmentwebsite/OutreachRecruitment-Jobs-in-Malta/tools/seo_course_automation.py", line 410, in <module>
    if __name__=="__main__": raise SystemExit(main())
  File "/Users/sof/Documents/Projects/OutreachRecruitmentwebsite/OutreachRecruitment-Jobs-in-Malta/tools/seo_course_automation.py", line 317, in main
    gsc=pull_gsc(); result["checks"]["gsc"]={"ok":True,"through":gsc["through"],"days":len(gsc["daily"]),"queries":len(gsc["queries"]),"pages":len(gsc["pages"])}
  File "/Users/sof/Documents/Projects/OutreachRecruitmentwebsite/OutreachRecruitment-Jobs-in-Malta/tools/seo_course_automation.py", line 216, in pull_gsc
    token=google_token(["https://www.googleapis.com/auth/webmasters.readonly"])
  File "/Users/sof/Documents/Projects/OutreachRecruitmentwebsite/OutreachRecruitment-Jobs-in-Malta/tools/seo_course_automation.py", line 76, in google_token
    credentials.refresh(GoogleRequest())
  File "/Users/sof/Library/Python/3.9/lib/python/site-packages/google/oauth2/service_account.py", line 445, in refresh
    access_token, expiry, _ = _client.jwt_grant(
  File "/Users/sof/Library/Python/3.9/lib/python/site-packages/google/oauth2/_client.py", line 308, in jwt_grant
    response_data = _token_endpoint_request(
  File "/Users/sof/Library/Python/3.9/lib/python/site-packages/google/oauth2/_client.py", line 268, in _token_endpoint_request
    response_status_ok, response_data, retryable_error = _token_endpoint_request_no_throw(
  File "/Users/sof/Library/Python/3.9/lib/python/site-packages/google/oauth2/_client.py", line 215, in _token_endpoint_request_no_throw
    request_succeeded, response_data, retryable_error = _perform_request()
  File "/Users/sof/Library/Python/3.9/lib/python/site-packages/google/oauth2/_client.py", line 191, in _perform_request
    response = request(
  File "/Users/sof/Library/Python/3.9/lib/python/site-packages/google/auth/transport/requests.py", line 192, in __call__
    raise new_exc from caught_exc
google.auth.exceptions.TransportError: HTTPSConnectionPool(host='oauth2.googleapis.com', port=443): Max retries exceeded with url: /token (Caused by NameResolutionError("HTTPSConnection(host='oauth2.googleapis.com', port=443): Failed to resolve 'oauth2.googleapis.com' ([Errno 8] nodename nor servname provided, or not known)"))
Finished: Tue Oct  6 08:23:07 CEST 2026 | Exit: 1
